19:48:24 **** Auto Build of configuration Debug for project EthernetEmacs ****
make pre-build main-build 
a9-linaro-pre-build-step
' '
'Building file: ../xemacps_example_intr_dma.c'
'Invoking: ARM v7 gcc compiler'
arm-none-eabi-gcc -Wall -O0 -g3 -c -fmessage-length=0 -MT"xemacps_example_intr_dma.o" -mcpu=cortex-a9 -mfpu=vfpv3 -mfloat-abi=hard -I../../EthernetEmacs_bsp/ps7_cortexa9_0/include -MMD -MP -MF"xemacps_example_intr_dma.d" -MT"xemacps_example_intr_dma.o" -o "xemacps_example_intr_dma.o" "../xemacps_example_intr_dma.c"
'Finished building: ../xemacps_example_intr_dma.c'
' '
'Building file: ../xemacps_example_util.c'
'Invoking: ARM v7 gcc compiler'
arm-none-eabi-gcc -Wall -O0 -g3 -c -fmessage-length=0 -MT"xemacps_example_util.o" -mcpu=cortex-a9 -mfpu=vfpv3 -mfloat-abi=hard -I../../EthernetEmacs_bsp/ps7_cortexa9_0/include -MMD -MP -MF"xemacps_example_util.d" -MT"xemacps_example_util.o" -o "xemacps_example_util.o" "../xemacps_example_util.c"
'Finished building: ../xemacps_example_util.c'
' '
'Building target: EthernetEmacs.elf'
'Invoking: ARM v7 gcc linker'
arm-none-eabi-gcc -mcpu=cortex-a9 -mfpu=vfpv3 -mfloat-abi=hard -Wl,-build-id=none -specs=Xilinx.spec -Wl,-T -Wl,../src/lscript.ld -L../../EthernetEmacs_bsp/ps7_cortexa9_0/lib -o "EthernetEmacs.elf"  ./xemacps_example_intr_dma.o ./xemacps_example_util.o   -Wl,--start-group,-lxil,-lgcc,-lc,--end-group
'Finished building target: EthernetEmacs.elf'
' '
'Invoking: ARM v7 Print Size'
arm-none-eabi-size EthernetEmacs.elf  |tee "EthernetEmacs.elf.size"
   text	   data	    bss	    dec	    hex	filename
  42812	   2740	  25904	  71456	  11720	EthernetEmacs.elf
'Finished building: EthernetEmacs.elf.size'
' '

19:48:27 Build Finished (took 2s.814ms)

