19:38:54 **** Build of project EthernetMicroZed ****
make -k all 
"Running Make include in ps7_cortexa9_0/libsrc/coresightps_dcc_v1_3/src"
make -C ps7_cortexa9_0/libsrc/coresightps_dcc_v1_3/src -s include  "SHELL=CMD" "COMPILER=arm-none-eabi-gcc" "ARCHIVER=arm-none-eabi-ar" "COMPILER_FLAGS=  -O2 -c" "EXTRA_COMPILER_FLAGS=-mcpu=cortex-a9 -mfpu=vfpv3 -mfloat-abi=hard -nostartfiles"
"Running Make include in ps7_cortexa9_0/libsrc/cpu_cortexa9_v2_3/src"
make -C ps7_cortexa9_0/libsrc/cpu_cortexa9_v2_3/src -s include  "SHELL=CMD" "COMPILER=arm-none-eabi-gcc" "ARCHIVER=arm-none-eabi-ar" "COMPILER_FLAGS=  -O2 -c" "EXTRA_COMPILER_FLAGS=-mcpu=cortex-a9 -mfpu=vfpv3 -mfloat-abi=hard -nostartfiles"
"Running Make include in ps7_cortexa9_0/libsrc/ddrps_v1_0/src"
make -C ps7_cortexa9_0/libsrc/ddrps_v1_0/src -s include  "SHELL=CMD" "COMPILER=arm-none-eabi-gcc" "ARCHIVER=arm-none-eabi-ar" "COMPILER_FLAGS=  -O2 -c" "EXTRA_COMPILER_FLAGS=-mcpu=cortex-a9 -mfpu=vfpv3 -mfloat-abi=hard -nostartfiles"
"Running Make include in ps7_cortexa9_0/libsrc/devcfg_v3_4/src"
make -C ps7_cortexa9_0/libsrc/devcfg_v3_4/src -s include  "SHELL=CMD" "COMPILER=arm-none-eabi-gcc" "ARCHIVER=arm-none-eabi-ar" "COMPILER_FLAGS=  -O2 -c" "EXTRA_COMPILER_FLAGS=-mcpu=cortex-a9 -mfpu=vfpv3 -mfloat-abi=hard -nostartfiles"
"Running Make include in ps7_cortexa9_0/libsrc/dmaps_v2_2/src"
make -C ps7_cortexa9_0/libsrc/dmaps_v2_2/src -s include  "SHELL=CMD" "COMPILER=arm-none-eabi-gcc" "ARCHIVER=arm-none-eabi-ar" "COMPILER_FLAGS=  -O2 -c" "EXTRA_COMPILER_FLAGS=-mcpu=cortex-a9 -mfpu=vfpv3 -mfloat-abi=hard -nostartfiles"
"Running Make include in ps7_cortexa9_0/libsrc/emacps_v3_3/src"
make -C ps7_cortexa9_0/libsrc/emacps_v3_3/src -s include  "SHELL=CMD" "COMPILER=arm-none-eabi-gcc" "ARCHIVER=arm-none-eabi-ar" "COMPILER_FLAGS=  -O2 -c" "EXTRA_COMPILER_FLAGS=-mcpu=cortex-a9 -mfpu=vfpv3 -mfloat-abi=hard -nostartfiles"
"Running Make include in ps7_cortexa9_0/libsrc/gpiops_v3_1/src"
make -C ps7_cortexa9_0/libsrc/gpiops_v3_1/src -s include  "SHELL=CMD" "COMPILER=arm-none-eabi-gcc" "ARCHIVER=arm-none-eabi-ar" "COMPILER_FLAGS=  -O2 -c" "EXTRA_COMPILER_FLAGS=-mcpu=cortex-a9 -mfpu=vfpv3 -mfloat-abi=hard -nostartfiles"
"Running Make include in ps7_cortexa9_0/libsrc/qspips_v3_3/src"
make -C ps7_cortexa9_0/libsrc/qspips_v3_3/src -s include  "SHELL=CMD" "COMPILER=arm-none-eabi-gcc" "ARCHIVER=arm-none-eabi-ar" "COMPILER_FLAGS=  -O2 -c" "EXTRA_COMPILER_FLAGS=-mcpu=cortex-a9 -mfpu=vfpv3 -mfloat-abi=hard -nostartfiles"
"Running Make include in ps7_cortexa9_0/libsrc/scugic_v3_4/src"
make -C ps7_cortexa9_0/libsrc/scugic_v3_4/src -s include  "SHELL=CMD" "COMPILER=arm-none-eabi-gcc" "ARCHIVER=arm-none-eabi-ar" "COMPILER_FLAGS=  -O2 -c" "EXTRA_COMPILER_FLAGS=-mcpu=cortex-a9 -mfpu=vfpv3 -mfloat-abi=hard -nostartfiles"
"Running Make include in ps7_cortexa9_0/libsrc/scutimer_v2_1/src"
make -C ps7_cortexa9_0/libsrc/scutimer_v2_1/src -s include  "SHELL=CMD" "COMPILER=arm-none-eabi-gcc" "ARCHIVER=arm-none-eabi-ar" "COMPILER_FLAGS=  -O2 -c" "EXTRA_COMPILER_FLAGS=-mcpu=cortex-a9 -mfpu=vfpv3 -mfloat-abi=hard -nostartfiles"
"Running Make include in ps7_cortexa9_0/libsrc/scuwdt_v2_1/src"
make -C ps7_cortexa9_0/libsrc/scuwdt_v2_1/src -s include  "SHELL=CMD" "COMPILER=arm-none-eabi-gcc" "ARCHIVER=arm-none-eabi-ar" "COMPILER_FLAGS=  -O2 -c" "EXTRA_COMPILER_FLAGS=-mcpu=cortex-a9 -mfpu=vfpv3 -mfloat-abi=hard -nostartfiles"
"Running Make include in ps7_cortexa9_0/libsrc/sdps_v3_0/src"
make -C ps7_cortexa9_0/libsrc/sdps_v3_0/src -s include  "SHELL=CMD" "COMPILER=arm-none-eabi-gcc" "ARCHIVER=arm-none-eabi-ar" "COMPILER_FLAGS=  -O2 -c" "EXTRA_COMPILER_FLAGS=-mcpu=cortex-a9 -mfpu=vfpv3 -mfloat-abi=hard -nostartfiles"
"Running Make include in ps7_cortexa9_0/libsrc/standalone_v6_0/src"
make -C ps7_cortexa9_0/libsrc/standalone_v6_0/src -s include  "SHELL=CMD" "COMPILER=arm-none-eabi-gcc" "ARCHIVER=arm-none-eabi-ar" "COMPILER_FLAGS=  -O2 -c" "EXTRA_COMPILER_FLAGS=-mcpu=cortex-a9 -mfpu=vfpv3 -mfloat-abi=hard -nostartfiles"
"Running Make include in ps7_cortexa9_0/libsrc/ttcps_v3_1/src"
make -C ps7_cortexa9_0/libsrc/ttcps_v3_1/src -s include  "SHELL=CMD" "COMPILER=arm-none-eabi-gcc" "ARCHIVER=arm-none-eabi-ar" "COMPILER_FLAGS=  -O2 -c" "EXTRA_COMPILER_FLAGS=-mcpu=cortex-a9 -mfpu=vfpv3 -mfloat-abi=hard -nostartfiles"
"Running Make include in ps7_cortexa9_0/libsrc/uartps_v3_2/src"
make -C ps7_cortexa9_0/libsrc/uartps_v3_2/src -s include  "SHELL=CMD" "COMPILER=arm-none-eabi-gcc" "ARCHIVER=arm-none-eabi-ar" "COMPILER_FLAGS=  -O2 -c" "EXTRA_COMPILER_FLAGS=-mcpu=cortex-a9 -mfpu=vfpv3 -mfloat-abi=hard -nostartfiles"
"Running Make include in ps7_cortexa9_0/libsrc/usbps_v2_4/src"
make -C ps7_cortexa9_0/libsrc/usbps_v2_4/src -s include  "SHELL=CMD" "COMPILER=arm-none-eabi-gcc" "ARCHIVER=arm-none-eabi-ar" "COMPILER_FLAGS=  -O2 -c" "EXTRA_COMPILER_FLAGS=-mcpu=cortex-a9 -mfpu=vfpv3 -mfloat-abi=hard -nostartfiles"
"Running Make include in ps7_cortexa9_0/libsrc/xadcps_v2_2/src"
make -C ps7_cortexa9_0/libsrc/xadcps_v2_2/src -s include  "SHELL=CMD" "COMPILER=arm-none-eabi-gcc" "ARCHIVER=arm-none-eabi-ar" "COMPILER_FLAGS=  -O2 -c" "EXTRA_COMPILER_FLAGS=-mcpu=cortex-a9 -mfpu=vfpv3 -mfloat-abi=hard -nostartfiles"
"Running Make libs in ps7_cortexa9_0/libsrc/coresightps_dcc_v1_3/src"
make -C ps7_cortexa9_0/libsrc/coresightps_dcc_v1_3/src -s libs  "SHELL=CMD" "COMPILER=arm-none-eabi-gcc" "ARCHIVER=arm-none-eabi-ar" "COMPILER_FLAGS=  -O2 -c" "EXTRA_COMPILER_FLAGS=-mcpu=cortex-a9 -mfpu=vfpv3 -mfloat-abi=hard -nostartfiles"
"Compiling coresightps_dcc"
arm-none-eabi-ar: creating ../../../lib/libxil.a
"Running Make libs in ps7_cortexa9_0/libsrc/cpu_cortexa9_v2_3/src"
make -C ps7_cortexa9_0/libsrc/cpu_cortexa9_v2_3/src -s libs  "SHELL=CMD" "COMPILER=arm-none-eabi-gcc" "ARCHIVER=arm-none-eabi-ar" "COMPILER_FLAGS=  -O2 -c" "EXTRA_COMPILER_FLAGS=-mcpu=cortex-a9 -mfpu=vfpv3 -mfloat-abi=hard -nostartfiles"
"Compiling cpu_cortexa9"
"Running Make libs in ps7_cortexa9_0/libsrc/ddrps_v1_0/src"
make -C ps7_cortexa9_0/libsrc/ddrps_v1_0/src -s libs  "SHELL=CMD" "COMPILER=arm-none-eabi-gcc" "ARCHIVER=arm-none-eabi-ar" "COMPILER_FLAGS=  -O2 -c" "EXTRA_COMPILER_FLAGS=-mcpu=cortex-a9 -mfpu=vfpv3 -mfloat-abi=hard -nostartfiles"
"Compiling ddrps"
"Running Make libs in ps7_cortexa9_0/libsrc/devcfg_v3_4/src"
make -C ps7_cortexa9_0/libsrc/devcfg_v3_4/src -s libs  "SHELL=CMD" "COMPILER=arm-none-eabi-gcc" "ARCHIVER=arm-none-eabi-ar" "COMPILER_FLAGS=  -O2 -c" "EXTRA_COMPILER_FLAGS=-mcpu=cortex-a9 -mfpu=vfpv3 -mfloat-abi=hard -nostartfiles"
"Compiling devcfg"
"Running Make libs in ps7_cortexa9_0/libsrc/dmaps_v2_2/src"
make -C ps7_cortexa9_0/libsrc/dmaps_v2_2/src -s libs  "SHELL=CMD" "COMPILER=arm-none-eabi-gcc" "ARCHIVER=arm-none-eabi-ar" "COMPILER_FLAGS=  -O2 -c" "EXTRA_COMPILER_FLAGS=-mcpu=cortex-a9 -mfpu=vfpv3 -mfloat-abi=hard -nostartfiles"
"Compiling dmaps"
"Running Make libs in ps7_cortexa9_0/libsrc/emacps_v3_3/src"
make -C ps7_cortexa9_0/libsrc/emacps_v3_3/src -s libs  "SHELL=CMD" "COMPILER=arm-none-eabi-gcc" "ARCHIVER=arm-none-eabi-ar" "COMPILER_FLAGS=  -O2 -c" "EXTRA_COMPILER_FLAGS=-mcpu=cortex-a9 -mfpu=vfpv3 -mfloat-abi=hard -nostartfiles"
"Compiling emacps"
"Running Make libs in ps7_cortexa9_0/libsrc/gpiops_v3_1/src"
make -C ps7_cortexa9_0/libsrc/gpiops_v3_1/src -s libs  "SHELL=CMD" "COMPILER=arm-none-eabi-gcc" "ARCHIVER=arm-none-eabi-ar" "COMPILER_FLAGS=  -O2 -c" "EXTRA_COMPILER_FLAGS=-mcpu=cortex-a9 -mfpu=vfpv3 -mfloat-abi=hard -nostartfiles"
"Compiling gpiops"
"Running Make libs in ps7_cortexa9_0/libsrc/qspips_v3_3/src"
make -C ps7_cortexa9_0/libsrc/qspips_v3_3/src -s libs  "SHELL=CMD" "COMPILER=arm-none-eabi-gcc" "ARCHIVER=arm-none-eabi-ar" "COMPILER_FLAGS=  -O2 -c" "EXTRA_COMPILER_FLAGS=-mcpu=cortex-a9 -mfpu=vfpv3 -mfloat-abi=hard -nostartfiles"
"Compiling qspips"
"Running Make libs in ps7_cortexa9_0/libsrc/scugic_v3_4/src"
make -C ps7_cortexa9_0/libsrc/scugic_v3_4/src -s libs  "SHELL=CMD" "COMPILER=arm-none-eabi-gcc" "ARCHIVER=arm-none-eabi-ar" "COMPILER_FLAGS=  -O2 -c" "EXTRA_COMPILER_FLAGS=-mcpu=cortex-a9 -mfpu=vfpv3 -mfloat-abi=hard -nostartfiles"
"Compiling scugic"
"Running Make libs in ps7_cortexa9_0/libsrc/scutimer_v2_1/src"
make -C ps7_cortexa9_0/libsrc/scutimer_v2_1/src -s libs  "SHELL=CMD" "COMPILER=arm-none-eabi-gcc" "ARCHIVER=arm-none-eabi-ar" "COMPILER_FLAGS=  -O2 -c" "EXTRA_COMPILER_FLAGS=-mcpu=cortex-a9 -mfpu=vfpv3 -mfloat-abi=hard -nostartfiles"
"Compiling scutimer"
"Running Make libs in ps7_cortexa9_0/libsrc/scuwdt_v2_1/src"
make -C ps7_cortexa9_0/libsrc/scuwdt_v2_1/src -s libs  "SHELL=CMD" "COMPILER=arm-none-eabi-gcc" "ARCHIVER=arm-none-eabi-ar" "COMPILER_FLAGS=  -O2 -c" "EXTRA_COMPILER_FLAGS=-mcpu=cortex-a9 -mfpu=vfpv3 -mfloat-abi=hard -nostartfiles"
"Compiling scuwdt"
"Running Make libs in ps7_cortexa9_0/libsrc/sdps_v3_0/src"
make -C ps7_cortexa9_0/libsrc/sdps_v3_0/src -s libs  "SHELL=CMD" "COMPILER=arm-none-eabi-gcc" "ARCHIVER=arm-none-eabi-ar" "COMPILER_FLAGS=  -O2 -c" "EXTRA_COMPILER_FLAGS=-mcpu=cortex-a9 -mfpu=vfpv3 -mfloat-abi=hard -nostartfiles"
"Compiling sdps"
"Running Make libs in ps7_cortexa9_0/libsrc/standalone_v6_0/src"
make -C ps7_cortexa9_0/libsrc/standalone_v6_0/src -s libs  "SHELL=CMD" "COMPILER=arm-none-eabi-gcc" "ARCHIVER=arm-none-eabi-ar" "COMPILER_FLAGS=  -O2 -c" "EXTRA_COMPILER_FLAGS=-mcpu=cortex-a9 -mfpu=vfpv3 -mfloat-abi=hard -nostartfiles"
"Compiling standalone"
"Running Make libs in ps7_cortexa9_0/libsrc/ttcps_v3_1/src"
make -C ps7_cortexa9_0/libsrc/ttcps_v3_1/src -s libs  "SHELL=CMD" "COMPILER=arm-none-eabi-gcc" "ARCHIVER=arm-none-eabi-ar" "COMPILER_FLAGS=  -O2 -c" "EXTRA_COMPILER_FLAGS=-mcpu=cortex-a9 -mfpu=vfpv3 -mfloat-abi=hard -nostartfiles"
"Compiling ttcps"
"Running Make libs in ps7_cortexa9_0/libsrc/uartps_v3_2/src"
make -C ps7_cortexa9_0/libsrc/uartps_v3_2/src -s libs  "SHELL=CMD" "COMPILER=arm-none-eabi-gcc" "ARCHIVER=arm-none-eabi-ar" "COMPILER_FLAGS=  -O2 -c" "EXTRA_COMPILER_FLAGS=-mcpu=cortex-a9 -mfpu=vfpv3 -mfloat-abi=hard -nostartfiles"
"Compiling uartps"
"Running Make libs in ps7_cortexa9_0/libsrc/usbps_v2_4/src"
make -C ps7_cortexa9_0/libsrc/usbps_v2_4/src -s libs  "SHELL=CMD" "COMPILER=arm-none-eabi-gcc" "ARCHIVER=arm-none-eabi-ar" "COMPILER_FLAGS=  -O2 -c" "EXTRA_COMPILER_FLAGS=-mcpu=cortex-a9 -mfpu=vfpv3 -mfloat-abi=hard -nostartfiles"
"Compiling usbps"
"Running Make libs in ps7_cortexa9_0/libsrc/xadcps_v2_2/src"
make -C ps7_cortexa9_0/libsrc/xadcps_v2_2/src -s libs  "SHELL=CMD" "COMPILER=arm-none-eabi-gcc" "ARCHIVER=arm-none-eabi-ar" "COMPILER_FLAGS=  -O2 -c" "EXTRA_COMPILER_FLAGS=-mcpu=cortex-a9 -mfpu=vfpv3 -mfloat-abi=hard -nostartfiles"
"Compiling xadcps"
'Finished building libraries'
19:39:49 **** Build of project EthernetEmacs_bsp ****
make -k all 
"Running Make include in ps7_cortexa9_0/libsrc/coresightps_dcc_v1_3/src"
make -C ps7_cortexa9_0/libsrc/coresightps_dcc_v1_3/src -s include  "SHELL=CMD" "COMPILER=arm-none-eabi-gcc" "ARCHIVER=arm-none-eabi-ar" "COMPILER_FLAGS=  -O2 -c" "EXTRA_COMPILER_FLAGS=-mcpu=cortex-a9 -mfpu=vfpv3 -mfloat-abi=hard -nostartfiles"
"Running Make include in ps7_cortexa9_0/libsrc/cpu_cortexa9_v2_3/src"
make -C ps7_cortexa9_0/libsrc/cpu_cortexa9_v2_3/src -s include  "SHELL=CMD" "COMPILER=arm-none-eabi-gcc" "ARCHIVER=arm-none-eabi-ar" "COMPILER_FLAGS=  -O2 -c" "EXTRA_COMPILER_FLAGS=-mcpu=cortex-a9 -mfpu=vfpv3 -mfloat-abi=hard -nostartfiles"
"Running Make include in ps7_cortexa9_0/libsrc/ddrps_v1_0/src"
make -C ps7_cortexa9_0/libsrc/ddrps_v1_0/src -s include  "SHELL=CMD" "COMPILER=arm-none-eabi-gcc" "ARCHIVER=arm-none-eabi-ar" "COMPILER_FLAGS=  -O2 -c" "EXTRA_COMPILER_FLAGS=-mcpu=cortex-a9 -mfpu=vfpv3 -mfloat-abi=hard -nostartfiles"
"Running Make include in ps7_cortexa9_0/libsrc/devcfg_v3_4/src"
make -C ps7_cortexa9_0/libsrc/devcfg_v3_4/src -s include  "SHELL=CMD" "COMPILER=arm-none-eabi-gcc" "ARCHIVER=arm-none-eabi-ar" "COMPILER_FLAGS=  -O2 -c" "EXTRA_COMPILER_FLAGS=-mcpu=cortex-a9 -mfpu=vfpv3 -mfloat-abi=hard -nostartfiles"
"Running Make include in ps7_cortexa9_0/libsrc/dmaps_v2_2/src"
make -C ps7_cortexa9_0/libsrc/dmaps_v2_2/src -s include  "SHELL=CMD" "COMPILER=arm-none-eabi-gcc" "ARCHIVER=arm-none-eabi-ar" "COMPILER_FLAGS=  -O2 -c" "EXTRA_COMPILER_FLAGS=-mcpu=cortex-a9 -mfpu=vfpv3 -mfloat-abi=hard -nostartfiles"
"Running Make include in ps7_cortexa9_0/libsrc/emacps_v3_3/src"
make -C ps7_cortexa9_0/libsrc/emacps_v3_3/src -s include  "SHELL=CMD" "COMPILER=arm-none-eabi-gcc" "ARCHIVER=arm-none-eabi-ar" "COMPILER_FLAGS=  -O2 -c" "EXTRA_COMPILER_FLAGS=-mcpu=cortex-a9 -mfpu=vfpv3 -mfloat-abi=hard -nostartfiles"
"Running Make include in ps7_cortexa9_0/libsrc/gpiops_v3_1/src"
make -C ps7_cortexa9_0/libsrc/gpiops_v3_1/src -s include  "SHELL=CMD" "COMPILER=arm-none-eabi-gcc" "ARCHIVER=arm-none-eabi-ar" "COMPILER_FLAGS=  -O2 -c" "EXTRA_COMPILER_FLAGS=-mcpu=cortex-a9 -mfpu=vfpv3 -mfloat-abi=hard -nostartfiles"
"Running Make include in ps7_cortexa9_0/libsrc/qspips_v3_3/src"
make -C ps7_cortexa9_0/libsrc/qspips_v3_3/src -s include  "SHELL=CMD" "COMPILER=arm-none-eabi-gcc" "ARCHIVER=arm-none-eabi-ar" "COMPILER_FLAGS=  -O2 -c" "EXTRA_COMPILER_FLAGS=-mcpu=cortex-a9 -mfpu=vfpv3 -mfloat-abi=hard -nostartfiles"
"Running Make include in ps7_cortexa9_0/libsrc/scugic_v3_4/src"
make -C ps7_cortexa9_0/libsrc/scugic_v3_4/src -s include  "SHELL=CMD" "COMPILER=arm-none-eabi-gcc" "ARCHIVER=arm-none-eabi-ar" "COMPILER_FLAGS=  -O2 -c" "EXTRA_COMPILER_FLAGS=-mcpu=cortex-a9 -mfpu=vfpv3 -mfloat-abi=hard -nostartfiles"
"Running Make include in ps7_cortexa9_0/libsrc/scutimer_v2_1/src"
make -C ps7_cortexa9_0/libsrc/scutimer_v2_1/src -s include  "SHELL=CMD" "COMPILER=arm-none-eabi-gcc" "ARCHIVER=arm-none-eabi-ar" "COMPILER_FLAGS=  -O2 -c" "EXTRA_COMPILER_FLAGS=-mcpu=cortex-a9 -mfpu=vfpv3 -mfloat-abi=hard -nostartfiles"
"Running Make include in ps7_cortexa9_0/libsrc/scuwdt_v2_1/src"
make -C ps7_cortexa9_0/libsrc/scuwdt_v2_1/src -s include  "SHELL=CMD" "COMPILER=arm-none-eabi-gcc" "ARCHIVER=arm-none-eabi-ar" "COMPILER_FLAGS=  -O2 -c" "EXTRA_COMPILER_FLAGS=-mcpu=cortex-a9 -mfpu=vfpv3 -mfloat-abi=hard -nostartfiles"
"Running Make include in ps7_cortexa9_0/libsrc/sdps_v3_0/src"
make -C ps7_cortexa9_0/libsrc/sdps_v3_0/src -s include  "SHELL=CMD" "COMPILER=arm-none-eabi-gcc" "ARCHIVER=arm-none-eabi-ar" "COMPILER_FLAGS=  -O2 -c" "EXTRA_COMPILER_FLAGS=-mcpu=cortex-a9 -mfpu=vfpv3 -mfloat-abi=hard -nostartfiles"
"Running Make include in ps7_cortexa9_0/libsrc/standalone_v6_0/src"
make -C ps7_cortexa9_0/libsrc/standalone_v6_0/src -s include  "SHELL=CMD" "COMPILER=arm-none-eabi-gcc" "ARCHIVER=arm-none-eabi-ar" "COMPILER_FLAGS=  -O2 -c" "EXTRA_COMPILER_FLAGS=-mcpu=cortex-a9 -mfpu=vfpv3 -mfloat-abi=hard -nostartfiles"
"Running Make include in ps7_cortexa9_0/libsrc/ttcps_v3_1/src"
make -C ps7_cortexa9_0/libsrc/ttcps_v3_1/src -s include  "SHELL=CMD" "COMPILER=arm-none-eabi-gcc" "ARCHIVER=arm-none-eabi-ar" "COMPILER_FLAGS=  -O2 -c" "EXTRA_COMPILER_FLAGS=-mcpu=cortex-a9 -mfpu=vfpv3 -mfloat-abi=hard -nostartfiles"
"Running Make include in ps7_cortexa9_0/libsrc/uartps_v3_2/src"
make -C ps7_cortexa9_0/libsrc/uartps_v3_2/src -s include  "SHELL=CMD" "COMPILER=arm-none-eabi-gcc" "ARCHIVER=arm-none-eabi-ar" "COMPILER_FLAGS=  -O2 -c" "EXTRA_COMPILER_FLAGS=-mcpu=cortex-a9 -mfpu=vfpv3 -mfloat-abi=hard -nostartfiles"
"Running Make include in ps7_cortexa9_0/libsrc/usbps_v2_4/src"
make -C ps7_cortexa9_0/libsrc/usbps_v2_4/src -s include  "SHELL=CMD" "COMPILER=arm-none-eabi-gcc" "ARCHIVER=arm-none-eabi-ar" "COMPILER_FLAGS=  -O2 -c" "EXTRA_COMPILER_FLAGS=-mcpu=cortex-a9 -mfpu=vfpv3 -mfloat-abi=hard -nostartfiles"
"Running Make include in ps7_cortexa9_0/libsrc/xadcps_v2_2/src"
make -C ps7_cortexa9_0/libsrc/xadcps_v2_2/src -s include  "SHELL=CMD" "COMPILER=arm-none-eabi-gcc" "ARCHIVER=arm-none-eabi-ar" "COMPILER_FLAGS=  -O2 -c" "EXTRA_COMPILER_FLAGS=-mcpu=cortex-a9 -mfpu=vfpv3 -mfloat-abi=hard -nostartfiles"
"Running Make libs in ps7_cortexa9_0/libsrc/coresightps_dcc_v1_3/src"
make -C ps7_cortexa9_0/libsrc/coresightps_dcc_v1_3/src -s libs  "SHELL=CMD" "COMPILER=arm-none-eabi-gcc" "ARCHIVER=arm-none-eabi-ar" "COMPILER_FLAGS=  -O2 -c" "EXTRA_COMPILER_FLAGS=-mcpu=cortex-a9 -mfpu=vfpv3 -mfloat-abi=hard -nostartfiles"
"Compiling coresightps_dcc"
arm-none-eabi-ar: creating ../../../lib/libxil.a
"Running Make libs in ps7_cortexa9_0/libsrc/cpu_cortexa9_v2_3/src"
make -C ps7_cortexa9_0/libsrc/cpu_cortexa9_v2_3/src -s libs  "SHELL=CMD" "COMPILER=arm-none-eabi-gcc" "ARCHIVER=arm-none-eabi-ar" "COMPILER_FLAGS=  -O2 -c" "EXTRA_COMPILER_FLAGS=-mcpu=cortex-a9 -mfpu=vfpv3 -mfloat-abi=hard -nostartfiles"
"Compiling cpu_cortexa9"
"Running Make libs in ps7_cortexa9_0/libsrc/ddrps_v1_0/src"
make -C ps7_cortexa9_0/libsrc/ddrps_v1_0/src -s libs  "SHELL=CMD" "COMPILER=arm-none-eabi-gcc" "ARCHIVER=arm-none-eabi-ar" "COMPILER_FLAGS=  -O2 -c" "EXTRA_COMPILER_FLAGS=-mcpu=cortex-a9 -mfpu=vfpv3 -mfloat-abi=hard -nostartfiles"
"Compiling ddrps"
"Running Make libs in ps7_cortexa9_0/libsrc/devcfg_v3_4/src"
make -C ps7_cortexa9_0/libsrc/devcfg_v3_4/src -s libs  "SHELL=CMD" "COMPILER=arm-none-eabi-gcc" "ARCHIVER=arm-none-eabi-ar" "COMPILER_FLAGS=  -O2 -c" "EXTRA_COMPILER_FLAGS=-mcpu=cortex-a9 -mfpu=vfpv3 -mfloat-abi=hard -nostartfiles"
"Compiling devcfg"
"Running Make libs in ps7_cortexa9_0/libsrc/dmaps_v2_2/src"
make -C ps7_cortexa9_0/libsrc/dmaps_v2_2/src -s libs  "SHELL=CMD" "COMPILER=arm-none-eabi-gcc" "ARCHIVER=arm-none-eabi-ar" "COMPILER_FLAGS=  -O2 -c" "EXTRA_COMPILER_FLAGS=-mcpu=cortex-a9 -mfpu=vfpv3 -mfloat-abi=hard -nostartfiles"
"Compiling dmaps"
"Running Make libs in ps7_cortexa9_0/libsrc/emacps_v3_3/src"
make -C ps7_cortexa9_0/libsrc/emacps_v3_3/src -s libs  "SHELL=CMD" "COMPILER=arm-none-eabi-gcc" "ARCHIVER=arm-none-eabi-ar" "COMPILER_FLAGS=  -O2 -c" "EXTRA_COMPILER_FLAGS=-mcpu=cortex-a9 -mfpu=vfpv3 -mfloat-abi=hard -nostartfiles"
"Compiling emacps"
"Running Make libs in ps7_cortexa9_0/libsrc/gpiops_v3_1/src"
make -C ps7_cortexa9_0/libsrc/gpiops_v3_1/src -s libs  "SHELL=CMD" "COMPILER=arm-none-eabi-gcc" "ARCHIVER=arm-none-eabi-ar" "COMPILER_FLAGS=  -O2 -c" "EXTRA_COMPILER_FLAGS=-mcpu=cortex-a9 -mfpu=vfpv3 -mfloat-abi=hard -nostartfiles"
"Compiling gpiops"
"Running Make libs in ps7_cortexa9_0/libsrc/qspips_v3_3/src"
make -C ps7_cortexa9_0/libsrc/qspips_v3_3/src -s libs  "SHELL=CMD" "COMPILER=arm-none-eabi-gcc" "ARCHIVER=arm-none-eabi-ar" "COMPILER_FLAGS=  -O2 -c" "EXTRA_COMPILER_FLAGS=-mcpu=cortex-a9 -mfpu=vfpv3 -mfloat-abi=hard -nostartfiles"
"Compiling qspips"
"Running Make libs in ps7_cortexa9_0/libsrc/scugic_v3_4/src"
make -C ps7_cortexa9_0/libsrc/scugic_v3_4/src -s libs  "SHELL=CMD" "COMPILER=arm-none-eabi-gcc" "ARCHIVER=arm-none-eabi-ar" "COMPILER_FLAGS=  -O2 -c" "EXTRA_COMPILER_FLAGS=-mcpu=cortex-a9 -mfpu=vfpv3 -mfloat-abi=hard -nostartfiles"
"Compiling scugic"
"Running Make libs in ps7_cortexa9_0/libsrc/scutimer_v2_1/src"
make -C ps7_cortexa9_0/libsrc/scutimer_v2_1/src -s libs  "SHELL=CMD" "COMPILER=arm-none-eabi-gcc" "ARCHIVER=arm-none-eabi-ar" "COMPILER_FLAGS=  -O2 -c" "EXTRA_COMPILER_FLAGS=-mcpu=cortex-a9 -mfpu=vfpv3 -mfloat-abi=hard -nostartfiles"
"Compiling scutimer"
"Running Make libs in ps7_cortexa9_0/libsrc/scuwdt_v2_1/src"
make -C ps7_cortexa9_0/libsrc/scuwdt_v2_1/src -s libs  "SHELL=CMD" "COMPILER=arm-none-eabi-gcc" "ARCHIVER=arm-none-eabi-ar" "COMPILER_FLAGS=  -O2 -c" "EXTRA_COMPILER_FLAGS=-mcpu=cortex-a9 -mfpu=vfpv3 -mfloat-abi=hard -nostartfiles"
"Compiling scuwdt"
"Running Make libs in ps7_cortexa9_0/libsrc/sdps_v3_0/src"
make -C ps7_cortexa9_0/libsrc/sdps_v3_0/src -s libs  "SHELL=CMD" "COMPILER=arm-none-eabi-gcc" "ARCHIVER=arm-none-eabi-ar" "COMPILER_FLAGS=  -O2 -c" "EXTRA_COMPILER_FLAGS=-mcpu=cortex-a9 -mfpu=vfpv3 -mfloat-abi=hard -nostartfiles"
"Compiling sdps"
"Running Make libs in ps7_cortexa9_0/libsrc/standalone_v6_0/src"
make -C ps7_cortexa9_0/libsrc/standalone_v6_0/src -s libs  "SHELL=CMD" "COMPILER=arm-none-eabi-gcc" "ARCHIVER=arm-none-eabi-ar" "COMPILER_FLAGS=  -O2 -c" "EXTRA_COMPILER_FLAGS=-mcpu=cortex-a9 -mfpu=vfpv3 -mfloat-abi=hard -nostartfiles"
"Compiling standalone"
"Running Make libs in ps7_cortexa9_0/libsrc/ttcps_v3_1/src"
make -C ps7_cortexa9_0/libsrc/ttcps_v3_1/src -s libs  "SHELL=CMD" "COMPILER=arm-none-eabi-gcc" "ARCHIVER=arm-none-eabi-ar" "COMPILER_FLAGS=  -O2 -c" "EXTRA_COMPILER_FLAGS=-mcpu=cortex-a9 -mfpu=vfpv3 -mfloat-abi=hard -nostartfiles"
"Compiling ttcps"
"Running Make libs in ps7_cortexa9_0/libsrc/uartps_v3_2/src"
make -C ps7_cortexa9_0/libsrc/uartps_v3_2/src -s libs  "SHELL=CMD" "COMPILER=arm-none-eabi-gcc" "ARCHIVER=arm-none-eabi-ar" "COMPILER_FLAGS=  -O2 -c" "EXTRA_COMPILER_FLAGS=-mcpu=cortex-a9 -mfpu=vfpv3 -mfloat-abi=hard -nostartfiles"
"Compiling uartps"
"Running Make libs in ps7_cortexa9_0/libsrc/usbps_v2_4/src"
make -C ps7_cortexa9_0/libsrc/usbps_v2_4/src -s libs  "SHELL=CMD" "COMPILER=arm-none-eabi-gcc" "ARCHIVER=arm-none-eabi-ar" "COMPILER_FLAGS=  -O2 -c" "EXTRA_COMPILER_FLAGS=-mcpu=cortex-a9 -mfpu=vfpv3 -mfloat-abi=hard -nostartfiles"
"Compiling usbps"
"Running Make libs in ps7_cortexa9_0/libsrc/xadcps_v2_2/src"
make -C ps7_cortexa9_0/libsrc/xadcps_v2_2/src -s libs  "SHELL=CMD" "COMPILER=arm-none-eabi-gcc" "ARCHIVER=arm-none-eabi-ar" "COMPILER_FLAGS=  -O2 -c" "EXTRA_COMPILER_FLAGS=-mcpu=cortex-a9 -mfpu=vfpv3 -mfloat-abi=hard -nostartfiles"
"Compiling xadcps"
'Finished building libraries'

**** Build of configuration Debug for project EthernetEmacs ****

Nothing to build for project EthernetEmacs
19:46:52 **** Auto Build of configuration Debug for project EthernetEmacs ****
make pre-build main-build 
a9-linaro-pre-build-step
' '
'Building file: ../xemacps_example_intr_dma.c'
'Invoking: ARM v7 gcc compiler'
arm-none-eabi-gcc -Wall -O0 -g3 -c -fmessage-length=0 -MT"xemacps_example_intr_dma.o" -mcpu=cortex-a9 -mfpu=vfpv3 -mfloat-abi=hard -I../../EthernetEmacs_bsp/ps7_cortexa9_0/include -MMD -MP -MF"xemacps_example_intr_dma.d" -MT"xemacps_example_intr_dma.o" -o "xemacps_example_intr_dma.o" "../xemacps_example_intr_dma.c"
'Finished building: ../xemacps_example_intr_dma.c'
' '
'Building file: ../xemacps_example_util.c'
'Invoking: ARM v7 gcc compiler'
arm-none-eabi-gcc -Wall -O0 -g3 -c -fmessage-length=0 -MT"xemacps_example_util.o" -mcpu=cortex-a9 -mfpu=vfpv3 -mfloat-abi=hard -I../../EthernetEmacs_bsp/ps7_cortexa9_0/include -MMD -MP -MF"xemacps_example_util.d" -MT"xemacps_example_util.o" -o "xemacps_example_util.o" "../xemacps_example_util.c"
'Finished building: ../xemacps_example_util.c'
' '
'Building file: ../xemacps_ieee1588.c'
'Invoking: ARM v7 gcc compiler'
arm-none-eabi-gcc -Wall -O0 -g3 -c -fmessage-length=0 -MT"xemacps_ieee1588.o" -mcpu=cortex-a9 -mfpu=vfpv3 -mfloat-abi=hard -I../../EthernetEmacs_bsp/ps7_cortexa9_0/include -MMD -MP -MF"xemacps_ieee1588.d" -MT"xemacps_ieee1588.o" -o "xemacps_ieee1588.o" "../xemacps_ieee1588.c"
../xemacps_ieee1588.c: In function 'XEmacPs_MasterSendAnnounce':
../xemacps_ieee1588.c:203:6: warning: variable 'SeqId' set but not used [-Wunused-but-set-variable]
  u16 SeqId = 0;
      ^
../xemacps_ieee1588.c: In function 'XEmacPs_MasterSendSync':
../xemacps_ieee1588.c:237:6: warning: variable 'SeqId' set but not used [-Wunused-but-set-variable]
  u16 SeqId = 0;
      ^
'Finished building: ../xemacps_ieee1588.c'
' '
'Building file: ../xemacps_ieee1588_example.c'
'Invoking: ARM v7 gcc compiler'
arm-none-eabi-gcc -Wall -O0 -g3 -c -fmessage-length=0 -MT"xemacps_ieee1588_example.o" -mcpu=cortex-a9 -mfpu=vfpv3 -mfloat-abi=hard -I../../EthernetEmacs_bsp/ps7_cortexa9_0/include -MMD -MP -MF"xemacps_ieee1588_example.d" -MT"xemacps_ieee1588_example.o" -o "xemacps_ieee1588_example.o" "../xemacps_ieee1588_example.c"
../xemacps_ieee1588_example.c: In function 'XEmacPs_HandleRecdPTPPacket':
../xemacps_ieee1588_example.c:1464:18: warning: variable 'TxRingPtr' set but not used [-Wunused-but-set-variable]
  XEmacPs_BdRing *TxRingPtr;
                  ^
../xemacps_ieee1588_example.c: In function 'XEmacPs_PtpTxInterruptHandler':
../xemacps_ieee1588_example.c:1695:6: warning: variable 'BufLen' set but not used [-Wunused-but-set-variable]
  int BufLen;
      ^
'Finished building: ../xemacps_ieee1588_example.c'
' '
'Building target: EthernetEmacs.elf'
'Invoking: ARM v7 gcc linker'
arm-none-eabi-gcc -mcpu=cortex-a9 -mfpu=vfpv3 -mfloat-abi=hard -Wl,-build-id=none -specs=Xilinx.spec -Wl,-T -Wl,../src/lscript.ld -L../../EthernetEmacs_bsp/ps7_cortexa9_0/lib -o "EthernetEmacs.elf"  ./xemacps_example_intr_dma.o ./xemacps_example_util.o ./xemacps_ieee1588.o ./xemacps_ieee1588_example.o   -Wl,--start-group,-lxil,-lgcc,-lc,--end-group
./xemacps_ieee1588_example.o: In function `main':
C:\JcTFG\Ethernet\Ethernet.sdk\EthernetEmacs\Debug/../xemacps_ieee1588_example.c:203: multiple definition of `main'
./xemacps_example_intr_dma.o:C:\JcTFG\Ethernet\Ethernet.sdk\EthernetEmacs\Debug/../xemacps_example_intr_dma.c:223: first defined here
collect2.exe: error: ld returned 1 exit status
make: *** [EthernetEmacs.elf] Error 1
19:46:56 **** Auto Build of configuration Debug for project EthernetEmacs ****
make pre-build main-build 
a9-linaro-pre-build-step
' '
'Building target: EthernetEmacs.elf'
'Invoking: ARM v7 gcc linker'
arm-none-eabi-gcc -mcpu=cortex-a9 -mfpu=vfpv3 -mfloat-abi=hard -Wl,-build-id=none -specs=Xilinx.spec -Wl,-T -Wl,../src/lscript.ld -L../../EthernetEmacs_bsp/ps7_cortexa9_0/lib -o "EthernetEmacs.elf"  ./xemacps_example_intr_dma.o ./xemacps_example_util.o ./xemacps_ieee1588.o ./xemacps_ieee1588_example.o   -Wl,--start-group,-lxil,-lgcc,-lc,--end-group
./xemacps_ieee1588_example.o: In function `main':
C:\JcTFG\Ethernet\Ethernet.sdk\EthernetEmacs\Debug/../xemacps_ieee1588_example.c:203: multiple definition of `main'
./xemacps_example_intr_dma.o:C:\JcTFG\Ethernet\Ethernet.sdk\EthernetEmacs\Debug/../xemacps_example_intr_dma.c:223: first defined here
collect2.exe: error: ld returned 1 exit status
make: *** [EthernetEmacs.elf] Error 1
19:47:17 **** Auto Build of configuration Debug for project EthernetEmacs ****
make pre-build main-build 
a9-linaro-pre-build-step
' '
'Building file: ../xemacps_example_intr_dma.c'
'Invoking: ARM v7 gcc compiler'
arm-none-eabi-gcc -Wall -O0 -g3 -c -fmessage-length=0 -MT"xemacps_example_intr_dma.o" -mcpu=cortex-a9 -mfpu=vfpv3 -mfloat-abi=hard -I../../EthernetEmacs_bsp/ps7_cortexa9_0/include -MMD -MP -MF"xemacps_example_intr_dma.d" -MT"xemacps_example_intr_dma.o" -o "xemacps_example_intr_dma.o" "../xemacps_example_intr_dma.c"
'Finished building: ../xemacps_example_intr_dma.c'
' '
'Building target: EthernetEmacs.elf'
'Invoking: ARM v7 gcc linker'
arm-none-eabi-gcc -mcpu=cortex-a9 -mfpu=vfpv3 -mfloat-abi=hard -Wl,-build-id=none -specs=Xilinx.spec -Wl,-T -Wl,../src/lscript.ld -L../../EthernetEmacs_bsp/ps7_cortexa9_0/lib -o "EthernetEmacs.elf"  ./xemacps_example_intr_dma.o ./xemacps_example_util.o ./xemacps_ieee1588.o ./xemacps_ieee1588_example.o   -Wl,--start-group,-lxil,-lgcc,-lc,--end-group
./xemacps_ieee1588_example.o: In function `main':
C:\JcTFG\Ethernet\Ethernet.sdk\EthernetEmacs\Debug/../xemacps_ieee1588_example.c:203: multiple definition of `main'
./xemacps_example_intr_dma.o:C:\JcTFG\Ethernet\Ethernet.sdk\EthernetEmacs\Debug/../xemacps_example_intr_dma.c:222: first defined here
collect2.exe: error: ld returned 1 exit status
make: *** [EthernetEmacs.elf] Error 1
19:47:57 **** Auto Build of configuration Debug for project EthernetEmacs ****
make pre-build main-build 
a9-linaro-pre-build-step
' '
'Building file: ../xemacps_ieee1588_example.c'
'Invoking: ARM v7 gcc compiler'
arm-none-eabi-gcc -Wall -O0 -g3 -c -fmessage-length=0 -MT"xemacps_ieee1588_example.o" -mcpu=cortex-a9 -mfpu=vfpv3 -mfloat-abi=hard -I../../EthernetEmacs_bsp/ps7_cortexa9_0/include -MMD -MP -MF"xemacps_ieee1588_example.d" -MT"xemacps_ieee1588_example.o" -o "xemacps_ieee1588_example.o" "../xemacps_ieee1588_example.c"
../xemacps_ieee1588_example.c:202:6: error: expected identifier or '(' before 'void'
 int (void)
      ^
../xemacps_ieee1588_example.c: In function 'XEmacPs_HandleRecdPTPPacket':
../xemacps_ieee1588_example.c:1464:18: warning: variable 'TxRingPtr' set but not used [-Wunused-but-set-variable]
  XEmacPs_BdRing *TxRingPtr;
                  ^
../xemacps_ieee1588_example.c: In function 'XEmacPs_PtpTxInterruptHandler':
../xemacps_ieee1588_example.c:1695:6: warning: variable 'BufLen' set but not used [-Wunused-but-set-variable]
  int BufLen;
      ^
make: *** [xemacps_ieee1588_example.o] Error 1
19:48:14 **** Clean-only build of configuration Debug for project EthernetEmacs ****
make clean 
rm -rf  ./xemacps_example_intr_dma.o ./xemacps_example_util.o ./xemacps_ieee1588.o ./xemacps_ieee1588_example.o  ./xemacps_example_intr_dma.d ./xemacps_example_util.d ./xemacps_ieee1588.d ./xemacps_ieee1588_example.d  EthernetEmacs.elf.size  EthernetEmacs.elf
' '
19:48:14 **** Auto Build of configuration Debug for project EthernetEmacs ****
make pre-build main-build 
a9-linaro-pre-build-step
' '
'Building file: ../xemacps_example_intr_dma.c'
'Invoking: ARM v7 gcc compiler'
arm-none-eabi-gcc -Wall -O0 -g3 -c -fmessage-length=0 -MT"xemacps_example_intr_dma.o" -mcpu=cortex-a9 -mfpu=vfpv3 -mfloat-abi=hard -I../../EthernetEmacs_bsp/ps7_cortexa9_0/include -MMD -MP -MF"xemacps_example_intr_dma.d" -MT"xemacps_example_intr_dma.o" -o "xemacps_example_intr_dma.o" "../xemacps_example_intr_dma.c"
'Finished building: ../xemacps_example_intr_dma.c'
' '
'Building file: ../xemacps_example_util.c'
'Invoking: ARM v7 gcc compiler'
arm-none-eabi-gcc -Wall -O0 -g3 -c -fmessage-length=0 -MT"xemacps_example_util.o" -mcpu=cortex-a9 -mfpu=vfpv3 -mfloat-abi=hard -I../../EthernetEmacs_bsp/ps7_cortexa9_0/include -MMD -MP -MF"xemacps_example_util.d" -MT"xemacps_example_util.o" -o "xemacps_example_util.o" "../xemacps_example_util.c"
'Finished building: ../xemacps_example_util.c'
' '
'Building file: ../xemacps_ieee1588.c'
'Invoking: ARM v7 gcc compiler'
arm-none-eabi-gcc -Wall -O0 -g3 -c -fmessage-length=0 -MT"xemacps_ieee1588.o" -mcpu=cortex-a9 -mfpu=vfpv3 -mfloat-abi=hard -I../../EthernetEmacs_bsp/ps7_cortexa9_0/include -MMD -MP -MF"xemacps_ieee1588.d" -MT"xemacps_ieee1588.o" -o "xemacps_ieee1588.o" "../xemacps_ieee1588.c"
../xemacps_ieee1588.c:81:30: fatal error: xemacps_ieee1588.h: No such file or directory
compilation terminated.
make: *** [xemacps_ieee1588.o] Error 1
19:48:19 **** Clean-only build of configuration Debug for project EthernetEmacs ****
make clean 
rm -rf  ./xemacps_example_intr_dma.o ./xemacps_example_util.o ./xemacps_ieee1588.o ./xemacps_ieee1588_example.o  ./xemacps_example_intr_dma.d ./xemacps_example_util.d ./xemacps_ieee1588.d ./xemacps_ieee1588_example.d  EthernetEmacs.elf.size  EthernetEmacs.elf
' '
19:48:19 **** Auto Build of configuration Debug for project EthernetEmacs ****
make pre-build main-build 
a9-linaro-pre-build-step
' '
'Building file: ../xemacps_example_intr_dma.c'
'Invoking: ARM v7 gcc compiler'
arm-none-eabi-gcc -Wall -O0 -g3 -c -fmessage-length=0 -MT"xemacps_example_intr_dma.o" -mcpu=cortex-a9 -mfpu=vfpv3 -mfloat-abi=hard -I../../EthernetEmacs_bsp/ps7_cortexa9_0/include -MMD -MP -MF"xemacps_example_intr_dma.d" -MT"xemacps_example_intr_dma.o" -o "xemacps_example_intr_dma.o" "../xemacps_example_intr_dma.c"
'Finished building: ../xemacps_example_intr_dma.c'
' '
'Building file: ../xemacps_example_util.c'
'Invoking: ARM v7 gcc compiler'
arm-none-eabi-gcc -Wall -O0 -g3 -c -fmessage-length=0 -MT"xemacps_example_util.o" -mcpu=cortex-a9 -mfpu=vfpv3 -mfloat-abi=hard -I../../EthernetEmacs_bsp/ps7_cortexa9_0/include -MMD -MP -MF"xemacps_example_util.d" -MT"xemacps_example_util.o" -o "xemacps_example_util.o" "../xemacps_example_util.c"
'Finished building: ../xemacps_example_util.c'
' '
'Building file: ../xemacps_ieee1588.c'
'Invoking: ARM v7 gcc compiler'
arm-none-eabi-gcc -Wall -O0 -g3 -c -fmessage-length=0 -MT"xemacps_ieee1588.o" -mcpu=cortex-a9 -mfpu=vfpv3 -mfloat-abi=hard -I../../EthernetEmacs_bsp/ps7_cortexa9_0/include -MMD -MP -MF"xemacps_ieee1588.d" -MT"xemacps_ieee1588.o" -o "xemacps_ieee1588.o" "../xemacps_ieee1588.c"
../xemacps_ieee1588.c:81:30: fatal error: xemacps_ieee1588.h: No such file or directory
compilation terminated.
make: *** [xemacps_ieee1588.o] Error 1
19:48:24 **** Clean-only build of configuration Debug for project EthernetEmacs ****
make clean 
rm -rf  ./xemacps_example_intr_dma.o ./xemacps_example_util.o ./xemacps_ieee1588.o  ./xemacps_example_intr_dma.d ./xemacps_example_util.d ./xemacps_ieee1588.d  EthernetEmacs.elf.size  EthernetEmacs.elf
' '
19:48:24 **** Auto Build of configuration Debug for project EthernetEmacs ****
make pre-build main-build 
a9-linaro-pre-build-step
' '
'Building file: ../xemacps_example_intr_dma.c'
'Invoking: ARM v7 gcc compiler'
arm-none-eabi-gcc -Wall -O0 -g3 -c -fmessage-length=0 -MT"xemacps_example_intr_dma.o" -mcpu=cortex-a9 -mfpu=vfpv3 -mfloat-abi=hard -I../../EthernetEmacs_bsp/ps7_cortexa9_0/include -MMD -MP -MF"xemacps_example_intr_dma.d" -MT"xemacps_example_intr_dma.o" -o "xemacps_example_intr_dma.o" "../xemacps_example_intr_dma.c"
'Finished building: ../xemacps_example_intr_dma.c'
' '
'Building file: ../xemacps_example_util.c'
'Invoking: ARM v7 gcc compiler'
arm-none-eabi-gcc -Wall -O0 -g3 -c -fmessage-length=0 -MT"xemacps_example_util.o" -mcpu=cortex-a9 -mfpu=vfpv3 -mfloat-abi=hard -I../../EthernetEmacs_bsp/ps7_cortexa9_0/include -MMD -MP -MF"xemacps_example_util.d" -MT"xemacps_example_util.o" -o "xemacps_example_util.o" "../xemacps_example_util.c"
'Finished building: ../xemacps_example_util.c'
' '
'Building target: EthernetEmacs.elf'
'Invoking: ARM v7 gcc linker'
arm-none-eabi-gcc -mcpu=cortex-a9 -mfpu=vfpv3 -mfloat-abi=hard -Wl,-build-id=none -specs=Xilinx.spec -Wl,-T -Wl,../src/lscript.ld -L../../EthernetEmacs_bsp/ps7_cortexa9_0/lib -o "EthernetEmacs.elf"  ./xemacps_example_intr_dma.o ./xemacps_example_util.o   -Wl,--start-group,-lxil,-lgcc,-lc,--end-group
'Finished building target: EthernetEmacs.elf'
' '
'Invoking: ARM v7 Print Size'
arm-none-eabi-size EthernetEmacs.elf  |tee "EthernetEmacs.elf.size"
   text	   data	    bss	    dec	    hex	filename
  42812	   2740	  25904	  71456	  11720	EthernetEmacs.elf
'Finished building: EthernetEmacs.elf.size'
' '
